// Jest Snapshot v1, https://goo.gl/fbAQLP

exports[`AccountHeaderCard render matches snapshot 1`] = `
[
  <View>
    <TouchableOpacity
      disabled={true}
      style={
        {
          "backgroundColor": "#ffffff",
          "borderBottomLeftRadius": 0,
          "borderBottomRightRadius": 0,
          "borderColor": "#bbc0c5",
          "borderRadius": 8,
          "borderWidth": 0,
          "gap": 16,
          "padding": 16,
        }
      }
    >
      <View
        style={
          [
            {
              "alignItems": "center",
              "flexDirection": "row",
              "justifyContent": "space-between",
              "overflow": "hidden",
            },
            [
              undefined,
            ],
          ]
        }
      >
        <View
          style={
            {
              "alignItems": "flex-start",
              "flex": 1,
            }
          }
        >
          <View
            style={
              {
                "alignItems": "center",
                "flexDirection": "row",
                "gap": 8,
              }
            }
          >
            <View
              style={
                {
                  "alignItems": "center",
                  "flexDirection": "row",
                }
              }
            >
              <Text
                accessibilityRole="text"
                style={
                  {
                    "color": "#141618",
                    "fontFamily": "EuclidCircularB-Medium",
                    "fontSize": 14,
                    "fontWeight": "500",
                    "letterSpacing": 0,
                    "lineHeight": 22,
                  }
                }
                testID="label"
              >
                Staking from
              </Text>
            </View>
          </View>
        </View>
        <View
          style={
            {
              "alignItems": "flex-end",
              "flex": 1,
            }
          }
        >
          <View
            style={
              {
                "alignItems": "center",
                "flexDirection": "row",
                "gap": 8,
              }
            }
          >
            <View
              style={
                {
                  "alignItems": "center",
                  "flexDirection": "row",
                }
              }
            >
              <View
                accessibilityRole="none"
                accessible={true}
                onLayout={[Function]}
                style={
                  {
                    "alignItems": "center",
                    "alignSelf": "flex-start",
                    "backgroundColor": "#0376c91a",
                    "borderColor": "#0376c9",
                    "borderRadius": 999,
                    "borderWidth": 0,
                    "color": "#0376c9",
                    "flexDirection": "row",
                    "padding": 16,
                    "paddingHorizontal": 8,
                    "paddingVertical": 2,
                  }
                }
                testID="tagbase"
              >
                <View
                  style={
                    {
                      "backgroundColor": "#ffffff",
                      "borderRadius": 8,
                      "height": 16,
                      "overflow": "hidden",
                      "width": 16,
                    }
                  }
                >
                  <View
                    style={
                      [
                        {
                          "overflow": "hidden",
                        },
                        {
                          "backgroundColor": "#1593F2",
                          "borderRadius": 8,
                          "height": 16,
                          "width": 16,
                        },
                        undefined,
                      ]
                    }
                  >
                    <RNSVGSvgView
                      bbHeight={16}
                      bbWidth={16}
                      focusable={false}
                      height={16}
                      style={
                        [
                          {
                            "backgroundColor": "transparent",
                            "borderWidth": 0,
                          },
                          {
                            "flex": 0,
                            "height": 16,
                            "width": 16,
                          },
                        ]
                      }
                      width={16}
                    >
                      <RNSVGGroup
                        fill={
                          {
                            "payload": 4278190080,
                            "type": 0,
                          }
                        }
                      >
                        <RNSVGRect
                          fill={
                            {
                              "payload": 4280574177,
                              "type": 0,
                            }
                          }
                          height={16}
                          matrix={
                            [
                              -0.14608302856241107,
                              0.9892723329629884,
                              -0.9892723329629884,
                              -0.14608302856241107,
                              18.877507984599454,
                              -1.41266974682138,
                            ]
                          }
                          propList={
                            [
                              "fill",
                            ]
                          }
                          width={16}
                          x={0}
                          y={0}
                        />
                        <RNSVGRect
                          fill={
                            {
                              "payload": 4294395137,
                              "type": 0,
                            }
                          }
                          height={16}
                          matrix={
                            [
                              -0.02094241988335673,
                              -0.9997806834748455,
                              0.9997806834748455,
                              -0.02094241988335673,
                              -7.512435753557014,
                              20.161960644608932,
                            ]
                          }
                          propList={
                            [
                              "fill",
                            ]
                          }
                          width={16}
                          x={0}
                          y={0}
                        />
                        <RNSVGRect
                          fill={
                            {
                              "payload": 4294736640,
                              "type": 0,
                            }
                          }
                          height={16}
                          matrix={
                            [
                              -0.458649554484315,
                              0.8886172326549487,
                              -0.8886172326549487,
                              -0.458649554484315,
                              14.2400072574634,
                              19.300266514976617,
                            ]
                          }
                          propList={
                            [
                              "fill",
                            ]
                          }
                          width={16}
                          x={0}
                          y={0}
                        />
                      </RNSVGGroup>
                    </RNSVGSvgView>
                  </View>
                </View>
                <View
                  accessible={false}
                  style={
                    {
                      "width": 4,
                    }
                  }
                  testID="listitem-gap"
                />
                <Text
                  accessibilityRole="text"
                  style={
                    {
                      "color": "#0376c9",
                      "fontFamily": "EuclidCircularB-Regular",
                      "fontSize": 14,
                      "fontWeight": "400",
                      "letterSpacing": 0,
                      "lineHeight": 22,
                    }
                  }
                  testID="tagbase-text"
                >
                  Account 1
                </Text>
              </View>
            </View>
          </View>
        </View>
      </View>
      <View
        style={
          [
            {
              "alignItems": "center",
              "flexDirection": "row",
              "justifyContent": "space-between",
              "overflow": "hidden",
            },
            [
              undefined,
            ],
          ]
        }
      >
        <View
          style={
            {
              "alignItems": "flex-start",
              "flex": 1,
            }
          }
        >
          <View
            style={
              {
                "alignItems": "center",
                "flexDirection": "row",
                "gap": 8,
              }
            }
          >
            <View
              style={
                {
                  "alignItems": "center",
                  "flexDirection": "row",
                }
              }
            >
              <Text
                accessibilityRole="text"
                style={
                  {
                    "color": "#141618",
                    "fontFamily": "EuclidCircularB-Medium",
                    "fontSize": 14,
                    "fontWeight": "500",
                    "letterSpacing": 0,
                    "lineHeight": 22,
                  }
                }
                testID="label"
              >
                Interacting with
              </Text>
            </View>
          </View>
        </View>
        <View
          style={
            {
              "alignItems": "flex-end",
              "flex": 1,
            }
          }
        >
          <View
            style={
              {
                "alignItems": "center",
                "flexDirection": "row",
                "gap": 8,
              }
            }
          >
            <View
              style={
                {
                  "alignItems": "center",
                  "flexDirection": "row",
                }
              }
            >
              <View
                accessibilityRole="none"
                accessible={true}
                onLayout={[Function]}
                style={
                  {
                    "alignItems": "center",
                    "alignSelf": "flex-start",
                    "backgroundColor": "#0376c91a",
                    "borderColor": "#0376c9",
                    "borderRadius": 999,
                    "borderWidth": 0,
                    "color": "#0376c9",
                    "flexDirection": "row",
                    "padding": 16,
                    "paddingHorizontal": 8,
                    "paddingVertical": 2,
                  }
                }
                testID="tagbase"
              >
                <View
                  style={
                    {
                      "backgroundColor": "#ffffff",
                      "borderRadius": 8,
                      "height": 16,
                      "overflow": "hidden",
                      "width": 16,
                    }
                  }
                >
                  <View
                    style={
                      [
                        {
                          "overflow": "hidden",
                        },
                        {
                          "backgroundColor": "#15A1F2",
                          "borderRadius": 8,
                          "height": 16,
                          "width": 16,
                        },
                        undefined,
                      ]
                    }
                  >
                    <RNSVGSvgView
                      bbHeight={16}
                      bbWidth={16}
                      focusable={false}
                      height={16}
                      style={
                        [
                          {
                            "backgroundColor": "transparent",
                            "borderWidth": 0,
                          },
                          {
                            "flex": 0,
                            "height": 16,
                            "width": 16,
                          },
                        ]
                      }
                      width={16}
                    >
                      <RNSVGGroup
                        fill={
                          {
                            "payload": 4278190080,
                            "type": 0,
                          }
                        }
                      >
                        <RNSVGRect
                          fill={
                            {
                              "payload": 4294022146,
                              "type": 0,
                            }
                          }
                          height={16}
                          matrix={
                            [
                              0.9997806834748455,
                              -0.02094241988335679,
                              0.02094241988335679,
                              0.9997806834748455,
                              -0.16522875087026775,
                              0.16904305456385807,
                            ]
                          }
                          propList={
                            [
                              "fill",
                            ]
                          }
                          width={16}
                          x={0}
                          y={0}
                        />
                        <RNSVGRect
                          fill={
                            {
                              "payload": 4294732544,
                              "type": 0,
                            }
                          }
                          height={16}
                          matrix={
                            [
                              0.35020738125946743,
                              0.9366721892483976,
                              -0.9366721892483976,
                              0.35020738125946743,
                              16.674578221396217,
                              2.9583003481997023,
                            ]
                          }
                          propList={
                            [
                              "fill",
                            ]
                          }
                          width={16}
                          x={0}
                          y={0}
                        />
                        <RNSVGRect
                          fill={
                            {
                              "payload": 4280577505,
                              "type": 0,
                            }
                          }
                          height={16}
                          matrix={
                            [
                              -0.17020949916603276,
                              -0.9854078984834901,
                              0.9854078984834901,
                              -0.17020949916603276,
                              -8.054940486540705,
                              25.3447353688826,
                            ]
                          }
                          propList={
                            [
                              "fill",
                            ]
                          }
                          width={16}
                          x={0}
                          y={0}
                        />
                      </RNSVGGroup>
                    </RNSVGSvgView>
                  </View>
                </View>
                <View
                  accessible={false}
                  style={
                    {
                      "width": 4,
                    }
                  }
                  testID="listitem-gap"
                />
                <Text
                  accessibilityRole="text"
                  style={
                    {
                      "color": "#0376c9",
                      "fontFamily": "EuclidCircularB-Regular",
                      "fontSize": 14,
                      "fontWeight": "400",
                      "letterSpacing": 0,
                      "lineHeight": 22,
                    }
                  }
                  testID="tagbase-text"
                >
                  MM Pooled Staking
                </Text>
              </View>
            </View>
          </View>
        </View>
      </View>
    </TouchableOpacity>
    <TouchableOpacity
      disabled={true}
      style={
        {
          "backgroundColor": "#ffffff",
          "borderBottomLeftRadius": 8,
          "borderBottomRightRadius": 8,
          "borderBottomWidth": 0,
          "borderColor": "#bbc0c566",
          "borderLeftWidth": 0,
          "borderRadius": 4,
          "borderRightWidth": 0,
          "borderTopLeftRadius": 0,
          "borderTopRightRadius": 0,
          "borderWidth": 1,
          "padding": 16,
        }
      }
    >
      <View
        style={
          [
            {
              "alignItems": "center",
              "flexDirection": "row",
              "justifyContent": "space-between",
              "overflow": "hidden",
            },
            [
              undefined,
            ],
          ]
        }
      >
        <View
          style={
            {
              "alignItems": "flex-start",
              "flex": 1,
            }
          }
        >
          <View
            style={
              {
                "alignItems": "center",
                "flexDirection": "row",
                "gap": 8,
              }
            }
          >
            <View
              style={
                {
                  "alignItems": "center",
                  "flexDirection": "row",
                }
              }
            >
              <Text
                accessibilityRole="text"
                style={
                  {
                    "color": "#141618",
                    "fontFamily": "EuclidCircularB-Medium",
                    "fontSize": 14,
                    "fontWeight": "500",
                    "letterSpacing": 0,
                    "lineHeight": 22,
                  }
                }
                testID="label"
              >
                Network
              </Text>
            </View>
          </View>
        </View>
        <View
          style={
            {
              "alignItems": "flex-end",
              "flex": 1,
            }
          }
        >
          <View
            style={
              {
                "alignItems": "center",
                "flexDirection": "row",
                "gap": 8,
              }
            }
          >
            <View
              style={
                {
                  "alignItems": "center",
                  "flexDirection": "row",
                }
              }
            >
              <View
                style={
                  {
                    "alignItems": "center",
                    "flexDirection": "row",
                    "gap": 8,
                  }
                }
              >
                <View
                  style={
                    {
                      "alignItems": "center",
                      "backgroundColor": "#ffffff",
                      "borderRadius": 8,
                      "height": 16,
                      "justifyContent": "center",
                      "overflow": "hidden",
                      "width": 16,
                    }
                  }
                >
                  <Image
                    onError={[Function]}
                    resizeMode="contain"
                    source={
                      {
                        "uri": "MockImage",
                      }
                    }
                    style={
                      {
                        "height": 16,
                        "width": 16,
                      }
                    }
                    testID="network-avatar-image"
                  />
                </View>
                <Text
                  accessibilityRole="text"
                  style={
                    {
                      "color": "#141618",
                      "fontFamily": "EuclidCircularB-Regular",
                      "fontSize": 14,
                      "fontWeight": "400",
                      "letterSpacing": 0,
                      "lineHeight": 22,
                    }
                  }
                >
                  Ethereum mainnet
                </Text>
              </View>
            </View>
          </View>
        </View>
      </View>
    </TouchableOpacity>
  </View>,
  ",",
]
`;
