// Jest Snapshot v1, https://goo.gl/fbAQLP

exports[`Screen should render correctly 1`] = `
<View
  style={
    {
      "flex": 1,
    }
  }
>
  <RCTSafeAreaView
    emulateUnlessSupported={true}
    style={
      {
        "flex": 1,
      }
    }
  >
    <View>
      Foobar
    </View>
  </RCTSafeAreaView>
</View>
`;
