// Jest Snapshot v1, https://goo.gl/fbAQLP

exports[`TextWithPrefixIcon - Snapshot should render default settings correctly 1`] = `
<View
  style={
    {
      "alignItems": "center",
      "flexDirection": "row",
    }
  }
  testID="text-with-prefix-icon"
>
  <SvgMock
    color="#141618"
    height={20}
    name="Add"
    style={
      {
        "height": 20,
        "width": 20,
      }
    }
    testID="text-with-prefix-icon-icon"
    width={20}
  />
  <Text
    accessibilityRole="text"
    style={
      {
        "color": "#141618",
        "fontFamily": "Euclid Circular B",
        "fontSize": 16,
        "fontWeight": "400",
        "letterSpacing": 0,
        "lineHeight": 24,
      }
    }
    testID="text-with-prefix-icon-text"
  >
    Sample Text
  </Text>
</View>
`;
