// Jest Snapshot v1, https://goo.gl/fbAQLP

exports[`Eth_sign friction bottom sheet should render initial friction step correctly 1`] = `
<View
  onLayout={[Function]}
  style={
    [
      {
        "bottom": 0,
        "justifyContent": "flex-end",
        "left": 0,
        "position": "absolute",
        "right": 0,
        "top": 0,
      },
      {
        "paddingBottom": 0,
      },
    ]
  }
>
  <View
    style={
      [
        {
          "backgroundColor": "#00000099",
          "bottom": 0,
          "left": 0,
          "position": "absolute",
          "right": 0,
          "top": 0,
        },
        {
          "opacity": 0,
        },
      ]
    }
  >
    <TouchableOpacity
      onPress={[Function]}
      style={
        {
          "flex": 1,
        }
      }
    />
  </View>
  <View
    onLayout={[Function]}
    style={
      [
        {
          "bottom": 0,
          "left": 0,
          "position": "absolute",
          "right": 0,
        },
        {
          "paddingBottom": 0,
        },
      ]
    }
  >
    <View
      collapsable={false}
      onGestureHandlerEvent={[Function]}
      onGestureHandlerStateChange={[Function]}
      onLayout={[Function]}
      style={
        [
          {
            "backgroundColor": "#ffffff",
            "borderColor": "#bbc0c566",
            "borderTopLeftRadius": 8,
            "borderTopRightRadius": 8,
            "borderWidth": 1,
            "maxHeight": 1334,
            "overflow": "hidden",
            "paddingBottom": 0,
            "shadowColor": "#0000001a",
            "shadowOffset": {
              "height": 2,
              "width": 0,
            },
            "shadowOpacity": 1,
            "shadowRadius": 40,
          },
          {
            "transform": [
              {
                "translateY": 1334,
              },
            ],
          },
        ]
      }
    >
      <View
        style={
          {
            "alignItems": "center",
            "alignSelf": "stretch",
            "padding": 4,
          }
        }
      >
        <View
          style={
            {
              "backgroundColor": "#bbc0c566",
              "borderRadius": 2,
              "height": 4,
              "width": 40,
            }
          }
        />
      </View>
      <View
        style={
          {
            "alignItems": "center",
            "alignSelf": "center",
            "justifyContent": "center",
            "padding": 16,
          }
        }
        testID="toggle-eth-sign-modal"
      >
        <SvgMock
          color="#d73847"
          height={32}
          name="Danger"
          style={
            {
              "height": 32,
              "width": 32,
            }
          }
          width={32}
        />
        <Text
          style={
            [
              {
                "color": "#141618",
                "fontFamily": "EuclidCircularB-Regular",
                "fontSize": 30,
                "fontWeight": "400",
                "marginVertical": 2,
              },
              undefined,
              undefined,
              undefined,
              undefined,
              undefined,
              undefined,
              undefined,
              undefined,
              undefined,
              undefined,
              undefined,
              undefined,
              undefined,
              undefined,
              undefined,
              undefined,
              undefined,
              undefined,
              undefined,
              undefined,
              undefined,
              undefined,
              undefined,
              {
                "color": "#141618",
                "fontFamily": "Euclid Circular B",
                "fontSize": 18,
                "fontWeight": "700",
                "letterSpacing": 0,
                "lineHeight": 24,
              },
            ]
          }
        >
          Use at your own risk
        </Text>
        <Text
          style={
            [
              {
                "color": "#141618",
                "fontFamily": "EuclidCircularB-Regular",
                "fontSize": 30,
                "fontWeight": "400",
                "marginVertical": 2,
              },
              undefined,
              undefined,
              undefined,
              undefined,
              undefined,
              undefined,
              undefined,
              undefined,
              undefined,
              undefined,
              undefined,
              undefined,
              undefined,
              undefined,
              undefined,
              undefined,
              undefined,
              undefined,
              undefined,
              undefined,
              undefined,
              undefined,
              undefined,
              {
                "color": "#141618",
                "fontFamily": "Euclid Circular B",
                "fontSize": 14,
                "fontWeight": "400",
                "letterSpacing": 0,
                "lineHeight": 22,
              },
            ]
          }
        >
          <Text
            style={
              [
                {
                  "color": "#141618",
                  "fontFamily": "EuclidCircularB-Regular",
                  "fontSize": 30,
                  "fontWeight": "400",
                  "marginVertical": 2,
                },
                undefined,
                undefined,
                undefined,
                undefined,
                undefined,
                undefined,
                undefined,
                undefined,
                undefined,
                undefined,
                undefined,
                undefined,
                undefined,
                undefined,
                undefined,
                undefined,
                undefined,
                undefined,
                undefined,
                undefined,
                undefined,
                undefined,
                undefined,
                undefined,
              ]
            }
          >
            Allowing eth_sign requests can make you vulnerable to phishing attacks. Always review the URL and be careful when signing messages that contain code.
             
          </Text>
          <Text
            accessibilityRole="link"
            accessible={true}
            onPress={[Function]}
            style={
              [
                {
                  "color": "#141618",
                  "fontFamily": "EuclidCircularB-Regular",
                  "fontSize": 30,
                  "fontWeight": "400",
                  "marginVertical": 2,
                },
                undefined,
                undefined,
                undefined,
                undefined,
                undefined,
                undefined,
                undefined,
                undefined,
                undefined,
                undefined,
                {
                  "color": "#141618",
                },
                undefined,
                undefined,
                undefined,
                undefined,
                undefined,
                undefined,
                undefined,
                undefined,
                {
                  "color": "#0376c9",
                },
                undefined,
                undefined,
                {
                  "marginVertical": 0,
                },
                undefined,
              ]
            }
          >
            Learn more.
          </Text>
        </Text>
        <View
          style={
            {
              "backgroundColor": "#d738471a",
              "borderLeftColor": "#d73847",
              "borderLeftWidth": 4,
              "borderRadius": 4,
              "flexDirection": "row",
              "marginTop": 24,
              "paddingEnd": 8,
              "paddingStart": 11,
              "paddingVertical": 8,
            }
          }
        >
          <SvgMock
            color="#d73847"
            height={24}
            name="Danger"
            style={
              {
                "height": 24,
                "width": 24,
              }
            }
            width={24}
          />
          <Text
            style={
              [
                {
                  "color": "#141618",
                  "fontFamily": "EuclidCircularB-Regular",
                  "fontSize": 30,
                  "fontWeight": "400",
                  "marginVertical": 2,
                },
                undefined,
                undefined,
                undefined,
                undefined,
                undefined,
                undefined,
                undefined,
                undefined,
                undefined,
                undefined,
                undefined,
                undefined,
                undefined,
                undefined,
                undefined,
                undefined,
                undefined,
                undefined,
                undefined,
                undefined,
                undefined,
                undefined,
                undefined,
                {
                  "color": "#141618",
                  "flex": 1,
                  "fontFamily": "Euclid Circular B",
                  "fontSize": 14,
                  "fontWeight": "400",
                  "letterSpacing": 0,
                  "lineHeight": 22,
                  "marginStart": 8,
                },
              ]
            }
          >
            If you've been asked to turn this setting on,
            <Text
              style={
                [
                  {
                    "color": "#141618",
                    "fontFamily": "EuclidCircularB-Regular",
                    "fontSize": 30,
                    "fontWeight": "400",
                    "marginVertical": 2,
                  },
                  undefined,
                  undefined,
                  undefined,
                  undefined,
                  undefined,
                  undefined,
                  undefined,
                  undefined,
                  undefined,
                  undefined,
                  undefined,
                  undefined,
                  undefined,
                  undefined,
                  undefined,
                  undefined,
                  undefined,
                  undefined,
                  undefined,
                  undefined,
                  undefined,
                  undefined,
                  undefined,
                  {
                    "fontFamily": "Euclid Circular B",
                    "fontSize": 14,
                    "fontWeight": "700",
                    "letterSpacing": 0,
                    "lineHeight": 22,
                  },
                ]
              }
            >
               you might be getting scammed.
            </Text>
          </Text>
        </View>
        <View
          style={
            {
              "flexDirection": "row",
              "justifyContent": "flex-start",
              "margin": 16,
            }
          }
          testID="toggle-eth-sign-understand-checkbox"
        >
          <TouchableOpacity
            accessibilityRole="checkbox"
            accessible={true}
            disabled={false}
            onPress={[Function]}
            style={
              {
                "alignItems": "center",
                "flexDirection": "row",
                "height": 24,
                "opacity": 1,
              }
            }
          >
            <View
              accessibilityRole="checkbox"
              style={
                {
                  "alignItems": "center",
                  "backgroundColor": "#ffffff",
                  "borderColor": "#141618",
                  "borderRadius": 4,
                  "borderWidth": 2,
                  "height": 20,
                  "justifyContent": "center",
                  "width": 20,
                }
              }
            />
          </TouchableOpacity>
          <Text
            accessibilityRole="button"
            accessible={true}
            onPress={[Function]}
            style={
              [
                {
                  "color": "#141618",
                  "fontFamily": "EuclidCircularB-Regular",
                  "fontSize": 30,
                  "fontWeight": "400",
                  "marginVertical": 2,
                },
                undefined,
                undefined,
                undefined,
                undefined,
                undefined,
                undefined,
                undefined,
                undefined,
                undefined,
                undefined,
                undefined,
                undefined,
                undefined,
                undefined,
                undefined,
                undefined,
                undefined,
                undefined,
                undefined,
                undefined,
                undefined,
                undefined,
                undefined,
                {
                  "color": "#141618",
                  "fontFamily": "Euclid Circular B",
                  "fontSize": 14,
                  "fontWeight": "400",
                  "letterSpacing": 0,
                  "lineHeight": 22,
                  "marginStart": 16,
                },
              ]
            }
          >
            I understand that I can lose all of my funds and NFTs if I enable eth_sign requests.
          </Text>
        </View>
        <View
          style={
            {
              "flexDirection": "row",
              "justifyContent": "space-evenly",
            }
          }
        >
          <TouchableOpacity
            accessibilityRole="button"
            accessible={true}
            activeOpacity={1}
            onPress={[Function]}
            onPressIn={[Function]}
            onPressOut={[Function]}
            style={
              {
                "alignItems": "center",
                "alignSelf": "stretch",
                "backgroundColor": "transparent",
                "borderColor": "#0376c9",
                "borderRadius": 24,
                "borderWidth": 1,
                "flex": 1,
                "flexDirection": "row",
                "height": 48,
                "justifyContent": "center",
                "paddingHorizontal": 16,
              }
            }
            variant="Secondary"
          >
            <Text
              accessibilityRole="text"
              style={
                {
                  "color": "#0376c9",
                  "fontFamily": "Euclid Circular B",
                  "fontSize": 14,
                  "fontWeight": "400",
                  "letterSpacing": 0,
                  "lineHeight": 22,
                }
              }
            >
              Cancel
            </Text>
          </TouchableOpacity>
          <TouchableOpacity
            accessibilityRole="button"
            accessibilityState={
              {
                "disabled": true,
              }
            }
            accessible={true}
            activeOpacity={1}
            disabled={true}
            onPress={[Function]}
            onPressIn={[Function]}
            onPressOut={[Function]}
            style={
              {
                "alignItems": "center",
                "alignSelf": "stretch",
                "backgroundColor": "#0376c9",
                "borderRadius": 24,
                "flex": 1,
                "flexDirection": "row",
                "height": 48,
                "justifyContent": "center",
                "marginStart": 16,
                "opacity": 0.5,
                "paddingHorizontal": 16,
              }
            }
            testID="toggle-eth-sign-continue-button"
            variant="Primary"
          >
            <Text
              accessibilityRole="text"
              style={
                {
                  "color": "#ffffff",
                  "fontFamily": "Euclid Circular B",
                  "fontSize": 14,
                  "fontWeight": "400",
                  "letterSpacing": 0,
                  "lineHeight": 22,
                }
              }
            >
              Continue
            </Text>
          </TouchableOpacity>
        </View>
      </View>
    </View>
  </View>
</View>
`;
