// Jest Snapshot v1, https://goo.gl/fbAQLP

exports[`ButtonIcon should render correctly 1`] = `
<View
  accessibilityRole="button"
  accessibilityState={
    {
      "busy": undefined,
      "checked": undefined,
      "disabled": false,
      "expanded": undefined,
      "selected": undefined,
    }
  }
  accessibilityValue={
    {
      "max": undefined,
      "min": undefined,
      "now": undefined,
      "text": undefined,
    }
  }
  accessible={true}
  collapsable={false}
  focusable={true}
  onBlur={[Function]}
  onClick={[Function]}
  onFocus={[Function]}
  onResponderGrant={[Function]}
  onResponderMove={[Function]}
  onResponderRelease={[Function]}
  onResponderTerminate={[Function]}
  onResponderTerminationRequest={[Function]}
  onStartShouldSetResponder={[Function]}
  style={
    {
      "alignItems": "center",
      "borderRadius": 8,
      "height": 24,
      "justifyContent": "center",
      "opacity": 1,
      "width": 24,
    }
  }
>
  <SvgMock
    accessibilityLabel="icon-Add"
    color="#24272A"
    height={16}
    name="Add"
    style={
      {
        "height": 16,
        "width": 16,
      }
    }
    width={16}
  />
</View>
`;
