// Jest Snapshot v1, https://goo.gl/fbAQLP

exports[`BannerTip should render default settings correctly 1`] = `
<View
  style={
    {
      "backgroundColor": "#FFFFFF",
      "borderColor": "#BBC0C5",
      "borderRadius": 4,
      "borderWidth": 1,
      "flexDirection": "row",
      "padding": 12,
    }
  }
  testID="bannertip"
>
  <View
    style={
      {
        "marginRight": 8,
      }
    }
  >
    <View
      style={
        {
          "alignContent": "center",
          "alignSelf": "stretch",
        }
      }
    >
      <Image
        resizeMode="contain"
        source={
          {
            "uri": "MockImage",
          }
        }
        style={
          {
            "height": 55,
            "width": 60,
          }
        }
      />
    </View>
  </View>
  <View
    style={
      {
        "flex": 1,
      }
    }
  >
    <Text
      accessibilityRole="text"
      style={
        {
          "color": "#24272A",
          "fontFamily": "Euclid Circular B",
          "fontSize": 16,
          "fontWeight": "500",
          "letterSpacing": 0,
          "lineHeight": 24,
        }
      }
    >
      Sample Banner Tip Title
    </Text>
    <Text
      accessibilityRole="text"
      style={
        {
          "color": "#24272A",
          "fontFamily": "Euclid Circular B",
          "fontSize": 14,
          "fontWeight": "400",
          "letterSpacing": 0,
          "lineHeight": 22,
        }
      }
    >
      Sample Banner Tip Description
    </Text>
    <Text
      accessibilityRole="link"
      accessible={true}
      onPress={[Function]}
      onPressIn={[Function]}
      onPressOut={[Function]}
      style={
        {
          "backgroundColor": "transparent",
          "color": "#24272A",
        }
      }
      suppressHighlighting={true}
    >
      <Text
        accessibilityRole="text"
        style={
          {
            "color": "#0376C9",
            "fontFamily": "Euclid Circular B",
            "fontSize": 14,
            "fontWeight": "400",
            "letterSpacing": 0,
            "lineHeight": 22,
          }
        }
      >
        Sample Action Button Label
      </Text>
    </Text>
  </View>
  <View
    style={
      {
        "marginLeft": 12,
      }
    }
  >
    <View
      accessibilityRole="button"
      accessibilityState={
        {
          "busy": undefined,
          "checked": undefined,
          "disabled": false,
          "expanded": undefined,
          "selected": undefined,
        }
      }
      accessibilityValue={
        {
          "max": undefined,
          "min": undefined,
          "now": undefined,
          "text": undefined,
        }
      }
      accessible={true}
      collapsable={false}
      focusable={true}
      onBlur={[Function]}
      onClick={[Function]}
      onFocus={[Function]}
      onResponderGrant={[Function]}
      onResponderMove={[Function]}
      onResponderRelease={[Function]}
      onResponderTerminate={[Function]}
      onResponderTerminationRequest={[Function]}
      onStartShouldSetResponder={[Function]}
      style={
        {
          "alignItems": "center",
          "borderRadius": 8,
          "height": 24,
          "justifyContent": "center",
          "opacity": 1,
          "width": 24,
        }
      }
      testID="banner-close-button-icon"
    >
      <SvgMock
        accessibilityLabel="icon-Close"
        color="#24272A"
        height={16}
        name="Close"
        style={
          {
            "height": 16,
            "width": 16,
          }
        }
        width={16}
      />
    </View>
  </View>
</View>
`;
