// Jest Snapshot v1, https://goo.gl/fbAQLP

exports[`AvatarBase - Snapshot should render correctly 1`] = `
<View
  style={
    Object {
      "alignItems": "center",
      "backgroundColor": "#FFFFFF",
      "borderRadius": 16,
      "height": 32,
      "justifyContent": "center",
      "overflow": "hidden",
      "width": 32,
    }
  }
  testID="avatar-base"
>
  <View />
</View>
`;
