// Jest Snapshot v1, https://goo.gl/fbAQLP

exports[`AvatarAccount should render correctly 1`] = `
<Fragment>
  <AvatarJazzIcon
    size="48"
    variant="JazzIcon"
  />
</Fragment>
`;
