// Jest Snapshot v1, https://goo.gl/fbAQLP

exports[`Identicon should render correctly when provided address found in tokenList and iconUrl is available 1`] = `
<Image
  source={
    {
      "uri": "https://example.com/icon.png",
    }
  }
  style={
    [
      {
        "borderRadius": 23,
        "height": 46,
        "width": 46,
      },
      undefined,
    ]
  }
/>
`;

exports[`Identicon should render correctly when useBlockieIcon is false 1`] = `null`;

exports[`Identicon should render correctly when useBlockieIcon is true 1`] = `null`;
