// Jest Snapshot v1, https://goo.gl/fbAQLP

exports[`AvatarJazzIcon - Snapshot should render AvatarJazzIcon correctly 1`] = `
<CirclePattern
  size="32"
  testID="avatar-jazzicon"
  variant="JazzIcon"
>
  <Jazzicon
    address="0x10e08af911f2e489480fb2855b24771745d0198b50f5c55891369844a8c57092"
    size={32}
  />
</CirclePattern>
`;
