// Jest Snapshot v1, https://goo.gl/fbAQLP

exports[`Tooltip Modal should render correctly 1`] = `
<View
  onLayout={[Function]}
  style={
    [
      {
        "bottom": 0,
        "justifyContent": "flex-end",
        "left": 0,
        "position": "absolute",
        "right": 0,
        "top": 0,
      },
      {
        "paddingBottom": 0,
      },
    ]
  }
>
  <View
    style={
      [
        {
          "backgroundColor": "#00000099",
          "bottom": 0,
          "left": 0,
          "position": "absolute",
          "right": 0,
          "top": 0,
        },
        {
          "opacity": 0,
        },
      ]
    }
  >
    <TouchableOpacity
      onPress={[Function]}
      style={
        {
          "flex": 1,
        }
      }
    />
  </View>
  <View
    onLayout={[Function]}
    style={
      [
        {
          "bottom": 0,
          "left": 0,
          "position": "absolute",
          "right": 0,
        },
        {
          "paddingBottom": 0,
        },
      ]
    }
  >
    <View
      collapsable={false}
      onGestureHandlerEvent={[Function]}
      onGestureHandlerStateChange={[Function]}
      onLayout={[Function]}
      style={
        [
          {
            "backgroundColor": "#ffffff",
            "borderColor": "#bbc0c566",
            "borderTopLeftRadius": 8,
            "borderTopRightRadius": 8,
            "borderWidth": 1,
            "maxHeight": 1334,
            "overflow": "hidden",
            "paddingBottom": 0,
            "shadowColor": "#0000001a",
            "shadowOffset": {
              "height": 2,
              "width": 0,
            },
            "shadowOpacity": 1,
            "shadowRadius": 40,
          },
          {
            "transform": [
              {
                "translateY": 1334,
              },
            ],
          },
        ]
      }
    >
      <View
        style={
          {
            "alignItems": "center",
            "alignSelf": "stretch",
            "padding": 4,
          }
        }
      >
        <View
          style={
            {
              "backgroundColor": "#bbc0c566",
              "borderRadius": 2,
              "height": 4,
              "width": 40,
            }
          }
        />
      </View>
      <View>
        <View
          style={
            [
              {
                "backgroundColor": "#ffffff",
                "flexDirection": "row",
                "padding": 16,
              },
              false,
            ]
          }
          testID="header"
        >
          <View
            style={
              {
                "width": undefined,
              }
            }
          >
            <View
              onLayout={[Function]}
            />
          </View>
          <View
            style={
              {
                "alignItems": "center",
                "flex": 1,
                "marginHorizontal": 16,
              }
            }
          >
            <Text
              accessibilityRole="text"
              style={
                {
                  "color": "#141618",
                  "fontFamily": "EuclidCircularB-Bold",
                  "fontSize": 18,
                  "fontWeight": "700",
                  "letterSpacing": 0,
                  "lineHeight": 24,
                }
              }
            >
              Test Tooltip
            </Text>
          </View>
          <View
            style={
              {
                "width": undefined,
              }
            }
          >
            <View
              onLayout={[Function]}
            >
              <TouchableOpacity
                accessible={true}
                activeOpacity={1}
                disabled={false}
                onPress={[Function]}
                onPressIn={[Function]}
                onPressOut={[Function]}
                style={
                  {
                    "alignItems": "center",
                    "borderRadius": 8,
                    "height": 24,
                    "justifyContent": "center",
                    "opacity": 1,
                    "width": 24,
                  }
                }
              >
                <SvgMock
                  color="#141618"
                  height={16}
                  name="Close"
                  style={
                    {
                      "height": 16,
                      "width": 16,
                    }
                  }
                  width={16}
                />
              </TouchableOpacity>
            </View>
          </View>
        </View>
        <View
          style={
            {
              "flexDirection": "row",
              "justifyContent": "center",
              "paddingHorizontal": 32,
            }
          }
        >
          <Text
            accessibilityRole="text"
            style={
              {
                "color": "#141618",
                "fontFamily": "EuclidCircularB-Regular",
                "fontSize": 14,
                "fontWeight": "400",
                "letterSpacing": 0,
                "lineHeight": 22,
              }
            }
          >
            This is a test tooltip
          </Text>
        </View>
      </View>
    </View>
  </View>
</View>
`;
