// Jest Snapshot v1, https://goo.gl/fbAQLP

exports[`Badge - snapshots should render badge avatar given the badge avatar variant 1`] = `
<BadgeAvatar
  avatarProps={
    Object {
      "source": Object {
        "uri": "https://assets.coingecko.com/coins/images/279/small/ethereum.png?1595348880",
      },
      "variant": "Image",
    }
  }
  testID="badge-avatar"
  variant="avatar"
/>
`;
