// Jest Snapshot v1, https://goo.gl/fbAQLP

exports[`TokenDetails should render correctly 1`] = `null`;
