// Jest Snapshot v1, https://goo.gl/fbAQLP

exports[`NotificationsDetails should renders correctly 1`] = `
<RCTScrollView
  collapsable={false}
  contentContainerStyle={
    {
      "alignItems": "flex-start",
      "backgroundColor": "#ffffff",
      "flex": 1,
      "paddingTop": 16,
    }
  }
  data-testid="NOTIFICATION_DETAILS_TEST_ID"
  onGestureHandlerEvent={[Function]}
  onGestureHandlerStateChange={[Function]}
>
  <View>
    <View
      style={
        {
          "alignItems": "flex-start",
          "flex": 1,
        }
      }
    >
      <View
        onLayout={[Function]}
        style={
          [
            {
              "bottom": 0,
              "justifyContent": "flex-end",
              "left": 0,
              "position": "absolute",
              "right": 0,
              "top": 0,
            },
            {
              "paddingBottom": 0,
            },
          ]
        }
      >
        <View
          style={
            [
              {
                "backgroundColor": "#00000099",
                "bottom": 0,
                "left": 0,
                "position": "absolute",
                "right": 0,
                "top": 0,
              },
              {
                "opacity": 0,
              },
            ]
          }
        >
          <TouchableOpacity
            onPress={[Function]}
            style={
              {
                "flex": 1,
              }
            }
          />
        </View>
        <View
          onLayout={[Function]}
          style={
            [
              {
                "bottom": 0,
                "left": 0,
                "position": "absolute",
                "right": 0,
              },
              {
                "paddingBottom": 0,
              },
            ]
          }
        >
          <View
            collapsable={false}
            onGestureHandlerEvent={[Function]}
            onGestureHandlerStateChange={[Function]}
            onLayout={[Function]}
            style={
              [
                {
                  "backgroundColor": "#ffffff",
                  "borderColor": "#bbc0c566",
                  "borderTopLeftRadius": 8,
                  "borderTopRightRadius": 8,
                  "borderWidth": 1,
                  "maxHeight": 1334,
                  "overflow": "hidden",
                  "paddingBottom": 0,
                  "shadowColor": "#0000001a",
                  "shadowOffset": {
                    "height": 2,
                    "width": 0,
                  },
                  "shadowOpacity": 1,
                  "shadowRadius": 40,
                },
                {
                  "transform": [
                    {
                      "translateY": 1334,
                    },
                  ],
                },
              ]
            }
          >
            <View
              style={
                {
                  "alignItems": "center",
                  "alignSelf": "stretch",
                  "padding": 4,
                }
              }
            >
              <View
                style={
                  {
                    "backgroundColor": "#bbc0c566",
                    "borderRadius": 2,
                    "height": 4,
                    "width": 40,
                  }
                }
              />
            </View>
            <View
              style={
                {
                  "marginBottom": 80,
                }
              }
            >
              <View
                style={
                  {
                    "flexDirection": "row",
                    "justifyContent": "flex-start",
                    "minWidth": "100%",
                    "paddingHorizontal": 16,
                    "paddingVertical": 8,
                  }
                }
              >
                <Text
                  accessibilityRole="text"
                  style={
                    {
                      "color": "#6a737d",
                      "fontFamily": "Euclid Circular B",
                      "fontSize": 14,
                      "fontWeight": "400",
                      "letterSpacing": 0,
                      "lineHeight": 22,
                    }
                  }
                >
                  Gas Limit (Units)
                </Text>
                <Text
                  accessibilityRole="text"
                  style={
                    {
                      "color": "#6a737d",
                      "fontFamily": "Euclid Circular B",
                      "fontSize": 14,
                      "fontWeight": "400",
                      "letterSpacing": 0,
                      "lineHeight": 22,
                      "marginLeft": "auto",
                    }
                  }
                >
                  N/A
                </Text>
              </View>
              <View
                style={
                  {
                    "flexDirection": "row",
                    "justifyContent": "flex-start",
                    "minWidth": "100%",
                    "paddingHorizontal": 16,
                    "paddingVertical": 8,
                  }
                }
              >
                <Text
                  accessibilityRole="text"
                  style={
                    {
                      "color": "#6a737d",
                      "fontFamily": "Euclid Circular B",
                      "fontSize": 14,
                      "fontWeight": "400",
                      "letterSpacing": 0,
                      "lineHeight": 22,
                    }
                  }
                >
                  Gas Used (Units)
                </Text>
                <Text
                  accessibilityRole="text"
                  style={
                    {
                      "color": "#6a737d",
                      "fontFamily": "Euclid Circular B",
                      "fontSize": 14,
                      "fontWeight": "400",
                      "letterSpacing": 0,
                      "lineHeight": 22,
                      "marginLeft": "auto",
                    }
                  }
                >
                  N/A
                </Text>
              </View>
              <View
                style={
                  {
                    "flexDirection": "row",
                    "justifyContent": "flex-start",
                    "minWidth": "100%",
                    "paddingHorizontal": 16,
                    "paddingVertical": 8,
                  }
                }
              >
                <Text
                  accessibilityRole="text"
                  style={
                    {
                      "color": "#6a737d",
                      "fontFamily": "Euclid Circular B",
                      "fontSize": 14,
                      "fontWeight": "400",
                      "letterSpacing": 0,
                      "lineHeight": 22,
                    }
                  }
                >
                  Base Fee (GWEI)
                </Text>
                <Text
                  accessibilityRole="text"
                  style={
                    {
                      "color": "#6a737d",
                      "fontFamily": "Euclid Circular B",
                      "fontSize": 14,
                      "fontWeight": "400",
                      "letterSpacing": 0,
                      "lineHeight": 22,
                      "marginLeft": "auto",
                    }
                  }
                >
                  N/A
                </Text>
              </View>
              <View
                style={
                  {
                    "flexDirection": "row",
                    "justifyContent": "flex-start",
                    "minWidth": "100%",
                    "paddingHorizontal": 16,
                    "paddingVertical": 8,
                  }
                }
              >
                <Text
                  accessibilityRole="text"
                  style={
                    {
                      "color": "#6a737d",
                      "fontFamily": "Euclid Circular B",
                      "fontSize": 14,
                      "fontWeight": "400",
                      "letterSpacing": 0,
                      "lineHeight": 22,
                    }
                  }
                >
                  Priority Fee (GWEI)
                </Text>
                <Text
                  accessibilityRole="text"
                  style={
                    {
                      "color": "#6a737d",
                      "fontFamily": "Euclid Circular B",
                      "fontSize": 14,
                      "fontWeight": "400",
                      "letterSpacing": 0,
                      "lineHeight": 22,
                      "marginLeft": "auto",
                    }
                  }
                >
                  N/A
                </Text>
              </View>
              <View
                style={
                  {
                    "flexDirection": "row",
                    "justifyContent": "flex-start",
                    "minWidth": "100%",
                    "paddingHorizontal": 16,
                    "paddingVertical": 8,
                  }
                }
              >
                <Text
                  accessibilityRole="text"
                  style={
                    {
                      "color": "#6a737d",
                      "fontFamily": "Euclid Circular B",
                      "fontSize": 14,
                      "fontWeight": "400",
                      "letterSpacing": 0,
                      "lineHeight": 22,
                    }
                  }
                >
                  Max Fee Per Gas
                </Text>
                <Text
                  accessibilityRole="text"
                  style={
                    {
                      "color": "#6a737d",
                      "fontFamily": "Euclid Circular B",
                      "fontSize": 14,
                      "fontWeight": "400",
                      "letterSpacing": 0,
                      "lineHeight": 22,
                      "marginLeft": "auto",
                    }
                  }
                >
                  N/A
                </Text>
              </View>
            </View>
          </View>
        </View>
      </View>
      <TouchableOpacity
        accessibilityRole="button"
        accessible={true}
        activeOpacity={1}
        onPress={[Function]}
        onPressIn={[Function]}
        onPressOut={[Function]}
        style={
          {
            "alignItems": "center",
            "alignSelf": "center",
            "backgroundColor": "#ffffff",
            "borderColor": "#0376c9",
            "borderRadius": 20,
            "borderWidth": 1,
            "bottom": 0,
            "flexDirection": "row",
            "height": 40,
            "justifyContent": "center",
            "margin": 16,
            "paddingHorizontal": 16,
            "position": "absolute",
            "width": "90%",
          }
        }
        variant="Secondary"
      >
        <Text
          accessibilityRole="text"
          style={
            {
              "color": "#0376c9",
              "fontFamily": "Euclid Circular B",
              "fontSize": 14,
              "fontWeight": "400",
              "letterSpacing": 0,
              "lineHeight": 22,
            }
          }
        >
          View on Etherscan
        </Text>
        <SvgMock
          color="#0376c9"
          height={16}
          name="Arrow2Upright"
          style={
            {
              "height": 16,
              "marginLeft": 8,
              "width": 16,
            }
          }
          width={16}
        />
      </TouchableOpacity>
    </View>
  </View>
</RCTScrollView>
`;
