// Jest Snapshot v1, https://goo.gl/fbAQLP

exports[`ButtonBase should render correctly 1`] = `
<View
  style={
    [
      {
        "backgroundColor": "#FFFFFF",
        "borderColor": "#F66A0A",
        "borderRadius": 8,
        "bottom": 20,
        "left": 16,
        "position": "absolute",
        "right": 16,
      },
      undefined,
    ]
  }
>
  <View
    style={
      [
        {
          "borderRadius": 8,
          "borderWidth": 1,
          "flexDirection": "row",
          "paddingHorizontal": 12,
          "paddingVertical": 8,
        },
        {
          "paddingVertical": 8,
        },
        {
          "backgroundColor": "#FFD33D19",
          "borderColor": "#F66A0A",
        },
        {
          "flex": 1,
          "padding": 14,
        },
      ]
    }
  >
    <View
      style={
        {
          "alignItems": "center",
        }
      }
    >
      <Text
        allowFontScaling={false}
        style={
          [
            {
              "color": "#F66A0A",
              "fontSize": 20,
            },
            {
              "paddingRight": 4,
            },
            {
              "fontFamily": "Material Design Icons",
              "fontStyle": "normal",
              "fontWeight": "normal",
            },
            {},
          ]
        }
      >
        
      </Text>
    </View>
    <Text
      style={
        [
          {
            "color": "#24272A",
            "fontFamily": "EuclidCircularB-Regular",
            "fontSize": 30,
            "fontWeight": "400",
            "marginVertical": 2,
          },
          undefined,
          undefined,
          undefined,
          undefined,
          undefined,
          undefined,
          undefined,
          undefined,
          undefined,
          undefined,
          undefined,
          undefined,
          undefined,
          {
            "fontSize": 12,
          },
          undefined,
          undefined,
          undefined,
          undefined,
          undefined,
          undefined,
          undefined,
          undefined,
          undefined,
          [
            {
              "color": "#24272A",
              "flex": 1,
              "fontSize": 14,
              "lineHeight": 17,
            },
            {
              "marginRight": 12,
            },
          ],
        ]
      }
    >
      <Text
        style={
          [
            {
              "color": "#24272A",
              "fontFamily": "EuclidCircularB-Regular",
              "fontSize": 30,
              "fontWeight": "400",
              "marginVertical": 2,
            },
            undefined,
            undefined,
            undefined,
            undefined,
            undefined,
            undefined,
            undefined,
            undefined,
            undefined,
            undefined,
            {
              "color": "#24272A",
            },
            undefined,
            undefined,
            undefined,
            undefined,
            undefined,
            undefined,
            undefined,
            undefined,
            undefined,
            undefined,
            undefined,
            {
              "marginVertical": 0,
            },
            {
              "color": "#24272A",
              "lineHeight": 18,
              "paddingLeft": 4,
            },
          ]
        }
      >
        test
      </Text>
    </Text>
    <View
      style={
        {
          "alignItems": "center",
        }
      }
    >
      <TouchableOpacity
        hitSlop={
          {
            "bottom": 20,
            "left": 20,
            "right": 20,
            "top": 20,
          }
        }
        onPress={[MockFunction]}
      >
        <Text
          allowFontScaling={false}
          style={
            [
              {
                "color": undefined,
                "fontSize": 30,
              },
              {
                "color": "#24272A",
              },
              {
                "fontFamily": "Ionicons",
                "fontStyle": "normal",
                "fontWeight": "normal",
              },
              {},
            ]
          }
        >
          
        </Text>
      </TouchableOpacity>
    </View>
  </View>
</View>
`;
