// Jest Snapshot v1, https://goo.gl/fbAQLP

exports[`DeveloperOptions should render correctly 1`] = `
<View
  style={
    {
      "flex": 1,
    }
  }
>
  <RNCSafeAreaProvider
    onInsetsChange={[Function]}
    style={
      [
        {
          "flex": 1,
        },
        undefined,
      ]
    }
  >
    <View
      style={
        [
          {
            "backgroundColor": "rgb(242, 242, 242)",
            "flex": 1,
          },
          undefined,
        ]
      }
    >
      <View
        collapsable={false}
        pointerEvents="box-none"
        style={
          {
            "zIndex": 1,
          }
        }
      >
        <View
          accessibilityElementsHidden={false}
          importantForAccessibility="auto"
          onLayout={[Function]}
          pointerEvents="box-none"
          style={null}
        >
          <View
            collapsable={false}
            pointerEvents="box-none"
            style={
              {
                "bottom": 0,
                "left": 0,
                "opacity": 1,
                "position": "absolute",
                "right": 0,
                "top": 0,
                "zIndex": 0,
              }
            }
          >
            <View
              collapsable={false}
              style={
                {
                  "backgroundColor": "#ffffff",
                  "borderBottomColor": "rgb(216, 216, 216)",
                  "elevation": 0,
                  "flex": 1,
                  "shadowColor": "transparent",
                  "shadowOffset": {
                    "height": 0.5,
                    "width": 0,
                  },
                  "shadowOpacity": 0.85,
                  "shadowRadius": 0,
                }
              }
            />
          </View>
          <View
            collapsable={false}
            pointerEvents="box-none"
            style={
              {
                "height": 44,
                "maxHeight": undefined,
                "minHeight": undefined,
                "opacity": undefined,
                "transform": undefined,
              }
            }
          >
            <View
              pointerEvents="none"
              style={
                {
                  "height": 0,
                }
              }
            />
            <View
              pointerEvents="box-none"
              style={
                {
                  "alignItems": "stretch",
                  "flex": 1,
                  "flexDirection": "row",
                }
              }
            >
              <View
                collapsable={false}
                pointerEvents="box-none"
                style={
                  {
                    "alignItems": "flex-start",
                    "flexBasis": 0,
                    "flexGrow": 1,
                    "justifyContent": "center",
                    "marginStart": 0,
                    "opacity": 1,
                  }
                }
              >
                <TouchableOpacity
                  accessible={true}
                  activeOpacity={1}
                  disabled={false}
                  onPress={[Function]}
                  onPressIn={[Function]}
                  onPressOut={[Function]}
                  style={
                    {
                      "alignItems": "center",
                      "borderRadius": 8,
                      "height": 32,
                      "justifyContent": "center",
                      "marginHorizontal": 16,
                      "opacity": 1,
                      "width": 32,
                    }
                  }
                  testID="back-arrow-button"
                >
                  <SvgMock
                    color="#141618"
                    height={24}
                    name="ArrowLeft"
                    style={
                      {
                        "height": 24,
                        "width": 24,
                      }
                    }
                    width={24}
                  />
                </TouchableOpacity>
              </View>
              <View
                collapsable={false}
                pointerEvents="box-none"
                style={
                  {
                    "justifyContent": "center",
                    "marginHorizontal": 16,
                    "maxWidth": 590,
                    "opacity": 1,
                  }
                }
              >
                <Text
                  accessibilityRole="header"
                  aria-level="1"
                  collapsable={false}
                  numberOfLines={1}
                  onLayout={[Function]}
                  style={
                    {
                      "color": "#0376c9",
                      "fontSize": 17,
                      "fontWeight": "600",
                    }
                  }
                >
                  Developer Options
                </Text>
              </View>
              <View
                collapsable={false}
                pointerEvents="box-none"
                style={
                  {
                    "alignItems": "flex-end",
                    "flexBasis": 0,
                    "flexGrow": 1,
                    "justifyContent": "center",
                    "marginEnd": 0,
                    "opacity": 1,
                  }
                }
              />
            </View>
          </View>
        </View>
      </View>
      <RNSScreenContainer
        onLayout={[Function]}
        style={
          {
            "flex": 1,
          }
        }
      >
        <RNSScreen
          activityState={2}
          collapsable={false}
          gestureResponseDistance={
            {
              "bottom": -1,
              "end": -1,
              "start": -1,
              "top": -1,
            }
          }
          pointerEvents="box-none"
          style={
            {
              "bottom": 0,
              "left": 0,
              "position": "absolute",
              "right": 0,
              "top": 0,
            }
          }
        >
          <View
            collapsable={false}
            style={
              {
                "opacity": 1,
              }
            }
          />
          <View
            accessibilityElementsHidden={false}
            closing={false}
            collapsable={false}
            gestureVelocityImpact={0.3}
            importantForAccessibility="auto"
            onClose={[Function]}
            onGestureBegin={[Function]}
            onGestureCanceled={[Function]}
            onGestureEnd={[Function]}
            onOpen={[Function]}
            onTransition={[Function]}
            pointerEvents="box-none"
            style={
              [
                {
                  "display": "flex",
                  "overflow": undefined,
                },
                {
                  "bottom": 0,
                  "left": 0,
                  "position": "absolute",
                  "right": 0,
                  "top": 0,
                },
              ]
            }
            transitionSpec={
              {
                "close": {
                  "animation": "spring",
                  "config": {
                    "damping": 500,
                    "mass": 3,
                    "overshootClamping": true,
                    "restDisplacementThreshold": 10,
                    "restSpeedThreshold": 10,
                    "stiffness": 1000,
                  },
                },
                "open": {
                  "animation": "spring",
                  "config": {
                    "damping": 500,
                    "mass": 3,
                    "overshootClamping": true,
                    "restDisplacementThreshold": 10,
                    "restSpeedThreshold": 10,
                    "stiffness": 1000,
                  },
                },
              }
            }
          >
            <View
              collapsable={false}
              pointerEvents="box-none"
              style={
                {
                  "flex": 1,
                }
              }
            >
              <View
                collapsable={false}
                needsOffscreenAlphaCompositing={false}
                onGestureHandlerEvent={[Function]}
                onGestureHandlerStateChange={[Function]}
                style={
                  {
                    "flex": 1,
                    "transform": [
                      {
                        "translateX": 0,
                      },
                      {
                        "translateX": 0,
                      },
                    ],
                  }
                }
              >
                <View
                  pointerEvents="box-none"
                  style={
                    [
                      {
                        "flex": 1,
                        "overflow": "hidden",
                      },
                      [
                        {
                          "backgroundColor": "rgb(242, 242, 242)",
                        },
                        undefined,
                      ],
                    ]
                  }
                >
                  <View
                    style={
                      {
                        "flex": 1,
                        "flexDirection": "column-reverse",
                      }
                    }
                  >
                    <View
                      style={
                        {
                          "flex": 1,
                        }
                      }
                    >
                      <RCTScrollView
                        style={
                          {
                            "backgroundColor": "#ffffff",
                            "flex": 1,
                            "padding": 24,
                            "paddingBottom": 48,
                          }
                        }
                      >
                        <View>
                          <Text
                            accessibilityRole="text"
                            style={
                              {
                                "color": "#141618",
                                "fontFamily": "EuclidCircularB-Bold",
                                "fontSize": 24,
                                "fontWeight": "700",
                                "letterSpacing": 0,
                                "lineHeight": 32,
                                "marginTop": 16,
                              }
                            }
                          >
                            Sentry
                          </Text>
                          <Text
                            accessibilityRole="text"
                            style={
                              {
                                "color": "#6a737d",
                                "fontFamily": "EuclidCircularB-Regular",
                                "fontSize": 14,
                                "fontWeight": "400",
                                "letterSpacing": 0,
                                "lineHeight": 22,
                                "marginTop": 8,
                              }
                            }
                          >
                            Generate a Developer Test Sentry trace.
                          </Text>
                          <TouchableOpacity
                            accessibilityRole="button"
                            accessible={true}
                            activeOpacity={1}
                            onPress={[Function]}
                            onPressIn={[Function]}
                            onPressOut={[Function]}
                            style={
                              {
                                "alignItems": "center",
                                "alignSelf": "stretch",
                                "backgroundColor": "transparent",
                                "borderColor": "#0376c9",
                                "borderRadius": 24,
                                "borderWidth": 1,
                                "flexDirection": "row",
                                "height": 48,
                                "justifyContent": "center",
                                "marginTop": 16,
                                "paddingHorizontal": 16,
                              }
                            }
                          >
                            <Text
                              accessibilityRole="text"
                              style={
                                {
                                  "color": "#0376c9",
                                  "fontFamily": "EuclidCircularB-Regular",
                                  "fontSize": 14,
                                  "fontWeight": "400",
                                  "letterSpacing": 0,
                                  "lineHeight": 22,
                                }
                              }
                            >
                              Generate Trace Test
                            </Text>
                          </TouchableOpacity>
                        </View>
                      </RCTScrollView>
                    </View>
                  </View>
                </View>
              </View>
            </View>
          </View>
        </RNSScreen>
      </RNSScreenContainer>
    </View>
  </RNCSafeAreaProvider>
</View>
`;
