// Jest Snapshot v1, https://goo.gl/fbAQLP

exports[`TagUrl should render correctly 1`] = `
<View
  style={
    {
      "alignItems": "center",
      "alignSelf": "center",
      "backgroundColor": "#FFFFFF",
      "borderColor": "#BBC0C5",
      "borderRadius": 99,
      "borderWidth": 1,
      "flexDirection": "row",
      "paddingLeft": 8,
      "paddingRight": 16,
      "paddingVertical": 8,
    }
  }
>
  <View
    style={
      {
        "backgroundColor": "#FFFFFF",
        "borderRadius": 0,
        "height": 32,
        "marginRight": 8,
        "overflow": "hidden",
        "width": 32,
      }
    }
  >
    <Image
      onError={[Function]}
      resizeMode="contain"
      source={
        {
          "uri": "https://uniswap.org/favicon.ico",
        }
      }
      style={
        {
          "flex": 1,
          "height": undefined,
          "width": undefined,
        }
      }
      testID="favicon-avatar-image"
    />
  </View>
  <Text
    style={
      {
        "color": "#535A61",
        "flexShrink": 1,
        "fontFamily": "Euclid Circular B",
        "fontSize": 14,
        "fontWeight": "400",
        "letterSpacing": 0,
        "lineHeight": 22,
      }
    }
  >
    https://uniswap.org
  </Text>
</View>
`;
