// Jest Snapshot v1, https://goo.gl/fbAQLP

exports[`HelpText should render default settings correctly 1`] = `
<Text
  accessibilityRole="text"
  style={
    {
      "color": "#141618",
      "fontFamily": "Euclid Circular B",
      "fontSize": 12,
      "fontWeight": "400",
      "letterSpacing": 0,
      "lineHeight": 20,
    }
  }
  testID="helptext"
>
  Sample HelpText text
</Text>
`;
