// Jest Snapshot v1, https://goo.gl/fbAQLP

exports[`BadgeNetwork - snapshots should render badge avatar 1`] = `
<BadgeBase
  style={Object {}}
  testID="badge-network"
>
  <Network />
</BadgeBase>
`;
