// Jest Snapshot v1, https://goo.gl/fbAQLP

exports[`BadgeBase - snapshots should render badge correctly 1`] = `
<BadgeBase
  style={Object {}}
  testID="badge-base"
>
  <View />
</BadgeBase>
`;
